
Memory Configuration

Name             Origin             Length             Attributes
flash            0x0000000008000000 0x0000000000020000 xr
sram             0x0000000020000000 0x0000000000005000 xrw
*default*        0x0000000000000000 0xffffffffffffffff

Linker script and memory map


.text           0x0000000008000000      0x13f
 *(.vectors*)
 .vectors       0x0000000008000000       0x1c startup.o
                0x0000000008000000                vectors
 *(.text*)
 .text          0x000000000800001c       0x88 main.o
                0x000000000800001c                main
                0x0000000008000098                NMI_handler
 .text          0x00000000080000a4       0x98 startup.o
                0x00000000080000a4                reset_handler
                0x0000000008000130                Bus_fault
                0x0000000008000130                usage_fault_handler
                0x0000000008000130                default_handler
                0x0000000008000130                H_fault_handler
                0x0000000008000130                MM_fault_hadler
 *(.rodata)
 .rodata        0x000000000800013c        0x3 main.o
                0x000000000800013c                const_arr
                0x000000000800013f                _E_text = .

.glue_7         0x0000000008000140        0x0
 .glue_7        0x0000000008000140        0x0 linker stubs

.glue_7t        0x0000000008000140        0x0
 .glue_7t       0x0000000008000140        0x0 linker stubs

.vfp11_veneer   0x0000000008000140        0x0
 .vfp11_veneer  0x0000000008000140        0x0 linker stubs

.v4_bx          0x0000000008000140        0x0
 .v4_bx         0x0000000008000140        0x0 linker stubs

.iplt           0x0000000008000140        0x0
 .iplt          0x0000000008000140        0x0 main.o

.rel.dyn        0x0000000008000140        0x0
 .rel.iplt      0x0000000008000140        0x0 main.o

.data           0x0000000020000000        0x4 load address 0x000000000800013f
                0x0000000020000000                _S_data = .
 *(.data)
 .data          0x0000000020000000        0x3 main.o
                0x0000000020000000                g_arr
 .data          0x0000000020000003        0x0 startup.o
                0x0000000020000004                . = ALIGN (0x4)
 *fill*         0x0000000020000003        0x1 
                0x0000000020000004                _E_data = .

.igot.plt       0x0000000020000004        0x0 load address 0x0000000008000143
 .igot.plt      0x0000000020000004        0x0 main.o

.bss            0x0000000020000004      0x3e8 load address 0x0000000008000143
                0x0000000020000004                _S_bss = .
 *(.bss)
 .bss           0x0000000020000004        0x0 main.o
 .bss           0x0000000020000004        0x0 startup.o
                0x0000000020000004                _E_bss = .
                0x0000000020000004                . = ALIGN (0x4)
                0x00000000200003ec                . = (. + 0x3e8)
 *fill*         0x0000000020000004      0x3e8 
                0x00000000200003ec                _stack_top = .
LOAD main.o
LOAD startup.o
OUTPUT(cortex_m3.elf elf32-littlearm)

.debug_info     0x0000000000000000      0xbde
 .debug_info    0x0000000000000000      0x172 main.o
 .debug_info    0x0000000000000172      0xa6c startup.o

.debug_abbrev   0x0000000000000000      0x2c2
 .debug_abbrev  0x0000000000000000       0xf2 main.o
 .debug_abbrev  0x00000000000000f2      0x1d0 startup.o

.debug_loc      0x0000000000000000       0xf8
 .debug_loc     0x0000000000000000       0x7c main.o
 .debug_loc     0x000000000000007c       0x7c startup.o

.debug_aranges  0x0000000000000000       0x40
 .debug_aranges
                0x0000000000000000       0x20 main.o
 .debug_aranges
                0x0000000000000020       0x20 startup.o

.debug_line     0x0000000000000000      0x4c2
 .debug_line    0x0000000000000000      0x1e6 main.o
 .debug_line    0x00000000000001e6      0x2dc startup.o

.debug_str      0x0000000000000000      0x57c
 .debug_str     0x0000000000000000      0x13f main.o
                                        0x17c (size before relaxing)
 .debug_str     0x000000000000013f      0x43d startup.o
                                        0x596 (size before relaxing)

.comment        0x0000000000000000       0x7b
 .comment       0x0000000000000000       0x7b main.o
                                         0x7c (size before relaxing)
 .comment       0x000000000000007b       0x7c startup.o

.ARM.attributes
                0x0000000000000000       0x33
 .ARM.attributes
                0x0000000000000000       0x33 main.o
 .ARM.attributes
                0x0000000000000033       0x33 startup.o

.debug_frame    0x0000000000000000       0x9c
 .debug_frame   0x0000000000000000       0x4c main.o
 .debug_frame   0x000000000000004c       0x50 startup.o
